// Jest Snapshot v1, https://goo.gl/fbAQLP

exports[`download-bandcamp-description Album page C (with in-page lyrics) execute script generated album info text 1`] = `
"Erevan
Mémorial
https://erevanpunx.bandcamp.com/album/m-morial

<Track list>
1. Céleste
2. ...
3. La confusion
4. Mémorial
5. Ce que je veux de toi
6. ...
7. L'horreur, la vraie
8. La prise d'otages
9. L'or et le papier
10. Dans les loges
11. Chaque pierre enlevée représente leur chute
12. ...

<Description>
[FR] L'aboutissement des années passées en studio, sur scène, et à écouter des tonnes de trucs qui ne se ressemblent pas. Sur les démos c'était complètement punk, l'influence screamo prédominait, en plus de l'atmosphère bien "raw" des productions DIY, tout ça. Ici, c'est nettement plus "propre" dans la prod, et les inspirations emo US genre Mineral / Sunny Day Real Estate, entre autres influences plus larges (Radiohead, Fugazi...) sont plus marquées, mais l'esprit est le même : parler de sentiments profonds, des défauts de nos sociétés, de la volonté de faire vasciller le monde tel qu'on le vit aujourd'hui, en chantant ou en criant. en faisant varier les atmosphères, en faisant un truc aussi aérien que percutant.

[ENG] The accomplishment of years spent in the studio, on stage and in listening to tons of stuff that aren't alike. The demos were totally punk, with a heavy screamo vibe, something "raw" in the sound and the music herself. Here, it's much "cleaner" in the whole thing, and indie-emo inspirations (think of bands like Mineral / Sunny Day Real Estate) are more present, as much as popular alt-rock/punk influences (Radiohead, Fugazi...), but the spirit is the same: talk about deep feelings, defects of our societies, the will to overthrow the world as we see it today, by singing or shouting, with varying atmospheres, and making airy and aggressive stuff.

<Credits>
Erevan, c'est :

▶ Jérôme Michalon (guitare / voix)
▶ Franck Berger (guitare / voix)
▶ Frédéric Lachand (batterie) 
▶ Fabien Chevrier (basse)

<Published>
2003-01-31

<Lisence>
All Rights Reserved

<Tags>
Alternative, emo, indie rock, post-hardcore, screamo, skramz, Saint Étienne

<Publisher>
[name]
Erevan

[location]
Saint Étienne, France

[description]
1999 - 2006.

"L'horreur, la vraie, c'est quand on compare sa vie à celle des icônes, quand on nous vend du bonheur à consommer."

dead emo/screamo band from Saint-Etienne.

[website]
* erevan.chez-alice.fr (http://erevan.chez-alice.fr/indexerevan.html)


<Lyrics (In-page)>
1. Céleste
Juste dix minutes, noyé dans tes yeux (trop bleus). Juste dix minutes qui ont rempli des jours et des nuits. Tu es là, face à moi et je t'aperçois, Céleste. Juste dix minutes, perdu dans tes yeux (trop bleus). Juste dix minutes sans essayer de lire tes pensées. Tu es là, face à moi et je conçois, Céleste. Sans se parler, sans se toucher, sans respirer. Toute la vie dans un regard. La finitude à portée d’œil. Céleste.

3. La confusion
J'ai tout oublié et pourtant je sais. Caché au fond de moi, je sais. J'essaie de vivre chaque jour en portant le masque. J'attends quelqu'un pour me sauver, je peux pas le faire tout seul. J'attends quelqu'un qui me dira pourquoi la vie est froide. Fuis-moi, aimes moi, mais rends-moi vrai. Des fois, j'en ai marre de tout. Plus envie de continuer. Juste besoin de m'étaler n'importe où... Puis d'ouvrir les yeux en me demandant "est-ce que le monde a changé ce matin ?"

4. Mémorial
Un je ne sais quoi, un doute, le spectacle d'une société lestée à l'orgueil, qui ne sait pas oublier, qui se souvient trop. (Garde tes secrets. Garde les pour toi.) Je ressens, je m'exprime, est-ce en vain ? Aucune importance : j'espère. (Garde tes secrets. Garde les pour toi.) Mais trop de poids sur les épaules, tout ce poids sur mes épaules, m'empêche d'avancer. (Garde tes secrets. Garde les pour toi.)

5. Ce que je veux de toi
Toutes ces phrases, souvenirs incessants auxquels je m'accroche, m'imaginant dans ce vieux café, blême, n'osant te parler. L'espoir encore une fois de capter ton regard, un geste de ta part, l'espoir encore une fois de recréer tous ces moments passés. Dans ces instants futiles tu te dévoiles, dans ces instants futiles je m'aperçois... Pourquoi en ce moment, je reste sans voix. Mes sentiments enfouis, ce que je veux de toi. Fais-moi un signe, aide-moi. Fais-moi un signe, apprends-moi à te livrer mes pensées... Je ne peux pas.

7. L'horreur, la vraie
L'horreur. La vraie, c'est quand on compare sa vie à celle des icônes, quand on nous vend du bonheur à consommer. L'horreur. La vraie. C'est celle des supermarchés, c'est celle des vitrines, c'est celle des victimes (volontaires). Tu remplis, sans savoir, sans savoir vraiment, tu remplis pour donner un sens. Tu remplis pour combler ce vide creusé par la consommation.

8. La prise d'otages
La prise d'otages : tous les jours, on pointe les ambiguïtés de nos frères et de nos sœurs, sans voir qu'ils/elles sont enchaîné-e-s. La prise d'otages : chaque fois qu'on veut vivre ses idées, on oublie trop facilement de se regarder. (Pris-e en otage dès la naissance). La prise d'otages : tous les jours, on croit pouvoir tout changer, mais les barrières sont bien trop dures pour les ignorer.

9. L'or et le papier
Ouvrons les coffre-forts, demandons de l'or plutôt que du papier. Ouvrons les coffre-forts, juste pour voir qu'il n'y a rien à l'intérieur. Refusons l'épargne et les taux préférentiels, juste pour faire pâlir les banquiers-ères. Ce serait drôle et on dirait que c'est la fin.

10. Dans les loges
Ce soir, c'est relâche. Je ne jouerai pas devant vous, ce soir c'est relâche, pas envie de jouer, de faire semblant, de rire poliment, de m'intéresser aux bons sentiments. Dans les loges, on voit toutes les ficelles (et c'est assez moche à voir). Dans les loges, seuls ceux-celles qui savent ne s'attachent pas aux détails. C'est le rôle de ma vie.

11. Chaque pierre enlevée représente leur chute
Ils-elles nous observent du haut de la pyramide. Ils-elles observent, impassibles mais inquiet-e-s, sachant leur fin proche, en voyant la base perdre sa solidarité. Un spectre vient chaque nuit leur annoncer l'avènement d'une société linéaire où ils-elles ne seraient rien, rien de plus que les autres. Ils-elles n'entendent que le "rien", ce mot qui résonne et fait trembler leurs lèvres. On les observe du bas de la pyramide, on observe, affairé-e-s, mais confiant-e-s. Sachant l'ascension impossible, nous travaillons à la formation de la ligne par la destruction de la base de cette maudite pyramide qui jadis nous narguait. Et chaque pierre enlevée représente leur chute."
`;

exports[`download-bandcamp-description Album page C (with in-page lyrics) execute script generated track info text 1`] = `
"Erevan - Mémorial

1. Céleste
<Lyrics>
Juste dix minutes, noyé dans tes yeux (trop bleus). Juste dix minutes qui ont rempli des jours et des nuits. Tu es là, face à moi et je t'aperçois, Céleste. Juste dix minutes, perdu dans tes yeux (trop bleus). Juste dix minutes sans essayer de lire tes pensées. Tu es là, face à moi et je conçois, Céleste. Sans se parler, sans se toucher, sans respirer. Toute la vie dans un regard. La finitude à portée d’œil. Céleste.

2. ...


3. La confusion
<Lyrics>
J'ai tout oublié et pourtant je sais. Caché au fond de moi, je sais. J'essaie de vivre chaque jour en portant le masque. J'attends quelqu'un pour me sauver, je peux pas le faire tout seul. J'attends quelqu'un qui me dira pourquoi la vie est froide. Fuis-moi, aimes moi, mais rends-moi vrai. Des fois, j'en ai marre de tout. Plus envie de continuer. Juste besoin de m'étaler n'importe où... Puis d'ouvrir les yeux en me demandant "est-ce que le monde a changé ce matin ?"

4. Mémorial
<Lyrics>
Un je ne sais quoi, un doute, le spectacle d'une société lestée à l'orgueil, qui ne sait pas oublier, qui se souvient trop. (Garde tes secrets. Garde les pour toi.) Je ressens, je m'exprime, est-ce en vain ? Aucune importance : j'espère. (Garde tes secrets. Garde les pour toi.) Mais trop de poids sur les épaules, tout ce poids sur mes épaules, m'empêche d'avancer. (Garde tes secrets. Garde les pour toi.)

5. Ce que je veux de toi
<Lyrics>
Toutes ces phrases, souvenirs incessants auxquels je m'accroche, m'imaginant dans ce vieux café, blême, n'osant te parler. L'espoir encore une fois de capter ton regard, un geste de ta part, l'espoir encore une fois de recréer tous ces moments passés. Dans ces instants futiles tu te dévoiles, dans ces instants futiles je m'aperçois... Pourquoi en ce moment, je reste sans voix. Mes sentiments enfouis, ce que je veux de toi. Fais-moi un signe, aide-moi. Fais-moi un signe, apprends-moi à te livrer mes pensées... Je ne peux pas.

6. ...


7. L'horreur, la vraie
<Lyrics>
L'horreur. La vraie, c'est quand on compare sa vie à celle des icônes, quand on nous vend du bonheur à consommer. L'horreur. La vraie. C'est celle des supermarchés, c'est celle des vitrines, c'est celle des victimes (volontaires). Tu remplis, sans savoir, sans savoir vraiment, tu remplis pour donner un sens. Tu remplis pour combler ce vide creusé par la consommation.

8. La prise d'otages
<Lyrics>
La prise d'otages : tous les jours, on pointe les ambiguïtés de nos frères et de nos sœurs, sans voir qu'ils/elles sont enchaîné-e-s. La prise d'otages : chaque fois qu'on veut vivre ses idées, on oublie trop facilement de se regarder. (Pris-e en otage dès la naissance). La prise d'otages : tous les jours, on croit pouvoir tout changer, mais les barrières sont bien trop dures pour les ignorer.

9. L'or et le papier
<Lyrics>
Ouvrons les coffre-forts, demandons de l'or plutôt que du papier. Ouvrons les coffre-forts, juste pour voir qu'il n'y a rien à l'intérieur. Refusons l'épargne et les taux préférentiels, juste pour faire pâlir les banquiers-ères. Ce serait drôle et on dirait que c'est la fin.

10. Dans les loges
<Lyrics>
Ce soir, c'est relâche. Je ne jouerai pas devant vous, ce soir c'est relâche, pas envie de jouer, de faire semblant, de rire poliment, de m'intéresser aux bons sentiments. Dans les loges, on voit toutes les ficelles (et c'est assez moche à voir). Dans les loges, seuls ceux-celles qui savent ne s'attachent pas aux détails. C'est le rôle de ma vie.

11. Chaque pierre enlevée représente leur chute
<Lyrics>
Ils-elles nous observent du haut de la pyramide. Ils-elles observent, impassibles mais inquiet-e-s, sachant leur fin proche, en voyant la base perdre sa solidarité. Un spectre vient chaque nuit leur annoncer l'avènement d'une société linéaire où ils-elles ne seraient rien, rien de plus que les autres. Ils-elles n'entendent que le "rien", ce mot qui résonne et fait trembler leurs lèvres. On les observe du bas de la pyramide, on observe, affairé-e-s, mais confiant-e-s. Sachant l'ascension impossible, nous travaillons à la formation de la ligne par la destruction de la base de cette maudite pyramide qui jadis nous narguait. Et chaque pierre enlevée représente leur chute.

12. ...
"
`;
